// Jest Snapshot v1, https://goo.gl/fbAQLP

exports[`About.vue matches the snapshot 1`] = `
<v-card>
  <v-card-title>
    Про додаток
  </v-card-title>
  <v-card-text>
    <p>
      Цей додаток є блогом з можливістю додавання, перегляду та коментування повідомлень. Розробив студент ФПМ КВ-31мн Батура Віталій.
    </p>
  </v-card-text>
</v-card>
`;
